2026-08-27 00:37:58 | INFO     | AutopilotPipeline | vault:45: 📂 Local Content Vault scanned: 2 video(s) found in 'D:\Antigravity_Projects\social-media-autopilot\content_vault'.
2026-08-27 00:37:58 | INFO     | AutopilotPipeline | test_upload_single:56: 🎯 Target video selected: sample_reel_01.mp4
2026-08-27 00:37:58 | INFO     | AutopilotPipeline | transcoder:68: 🎬 Transcoding video: sample_reel_01.mp4 -> transcoded_sample_reel_01.mp4
2026-08-27 00:37:58 | INFO     | AutopilotPipeline | transcoder:69: ⚙️ Target: 1080x1920 9:16 | Codec: libx264 (yuv420p) | Audio: aac (192k) | +faststart
2026-08-27 00:38:00 | INFO     | AutopilotPipeline | transcoder:111: ✅ Transcoding complete: transcoded_sample_reel_01.mp4 (0.19 MB)
2026-08-27 00:38:00 | INFO     | AutopilotPipeline | seo_engine:168: ✨ SEO Metadata Generated: 'Sample Mp - How Winners Actually Win Every Day 🏆🔥 #Shorts' (21 tags)
2026-08-27 00:38:00 | INFO     | AutopilotPipeline | test_upload_single:74: 🏁 Dry run completed successfully! No uploads performed.
2026-08-27 00:38:10 | INFO     | AutopilotPipeline | unified_master_autopilot:53: 🕒 Current Time (Asia/Kolkata): 2026-08-27 12:38:10 AM -> Slot: Evening
2026-08-27 00:38:10 | INFO     | AutopilotPipeline | unified_master_autopilot:64: 📍 Active Execution Slot: [Evening]
2026-08-27 00:38:10 | INFO     | AutopilotPipeline | vault:45: 📂 Local Content Vault scanned: 2 video(s) found in 'D:\Antigravity_Projects\social-media-autopilot\content_vault'.
2026-08-27 00:38:10 | INFO     | AutopilotPipeline | unified_master_autopilot:86: 🎬 Selected Video for Slot [Evening]: 'sample_reel_01.mp4' (Remaining in cycle: 1)
2026-08-27 00:38:10 | INFO     | AutopilotPipeline | transcoder:68: 🎬 Transcoding video: sample_reel_01.mp4 -> transcoded_sample_reel_01.mp4
2026-08-27 00:38:10 | INFO     | AutopilotPipeline | transcoder:69: ⚙️ Target: 1080x1920 9:16 | Codec: libx264 (yuv420p) | Audio: aac (192k) | +faststart
2026-08-27 00:38:12 | INFO     | AutopilotPipeline | transcoder:111: ✅ Transcoding complete: transcoded_sample_reel_01.mp4 (0.19 MB)
2026-08-27 00:38:12 | INFO     | AutopilotPipeline | seo_engine:168: ✨ SEO Metadata Generated: 'Sample Mp - Turn Pain Into Power: Watch Till The End ⏳🔥 #Shorts' (21 tags)
2026-08-27 00:38:12 | INFO     | AutopilotPipeline | unified_master_autopilot:105: 🧪 DRY RUN enabled. Video transcoded and SEO generated. Skipping uploads.
2026-08-27 00:38:40 | INFO     | AutopilotPipeline | vault:45: 📂 Local Content Vault scanned: 2 video(s) found in 'D:\Antigravity_Projects\social-media-autopilot\content_vault'.
2026-08-27 00:38:40 | INFO     | AutopilotPipeline | test_upload_single:56: 🎯 Target video selected: sample_reel_01.mp4
2026-08-27 00:38:40 | INFO     | AutopilotPipeline | transcoder:68: 🎬 Transcoding video: sample_reel_01.mp4 -> transcoded_sample_reel_01.mp4
2026-08-27 00:38:40 | INFO     | AutopilotPipeline | transcoder:69: ⚙️ Target: 1080x1920 9:16 | Codec: libx264 (yuv420p) | Audio: aac (192k) | +faststart
2026-08-27 00:38:42 | INFO     | AutopilotPipeline | transcoder:111: ✅ Transcoding complete: transcoded_sample_reel_01.mp4 (0.19 MB)
2026-08-27 00:38:42 | INFO     | AutopilotPipeline | seo_engine:168: ✨ SEO Metadata Generated: 'Sample Mp - What 99% Of People Learn Too Late in Life 🗝️📖 #Shorts' (21 tags)
2026-08-27 00:38:42 | INFO     | AutopilotPipeline | test_upload_single:74: 🏁 Dry run completed successfully! No uploads performed.
2026-08-27 00:39:07 | INFO     | AutopilotPipeline | vault:45: 📂 Local Content Vault scanned: 2 video(s) found in 'D:\Antigravity_Projects\social-media-autopilot\content_vault'.
2026-08-27 00:39:07 | INFO     | AutopilotPipeline | test_upload_single:56: 🎯 Target video selected: sample_reel_01.mp4
2026-08-27 00:39:07 | INFO     | AutopilotPipeline | transcoder:68: 🎬 Transcoding video: sample_reel_01.mp4 -> transcoded_sample_reel_01.mp4
2026-08-27 00:39:07 | INFO     | AutopilotPipeline | transcoder:69: ⚙️ Target: 1080x1920 9:16 | Codec: libx264 (yuv420p) | Audio: aac (192k) | +faststart
2026-08-27 00:39:09 | INFO     | AutopilotPipeline | transcoder:111: ✅ Transcoding complete: transcoded_sample_reel_01.mp4 (0.19 MB)
2026-08-27 00:39:09 | INFO     | AutopilotPipeline | seo_engine:168: ✨ SEO Metadata Generated: 'Sample Mp - This Will Change How You Think Forever 🧠⚡ #Shorts' (21 tags)
2026-08-27 00:39:09 | INFO     | AutopilotPipeline | test_upload_single:74: 🏁 Dry run completed successfully! No uploads performed.
2026-08-27 01:15:24 | INFO     | AutopilotPipeline | youtube_uploader:69: ✅ YouTube Data API v3 client initialized.
2026-08-27 07:26:45 | INFO     | AutopilotPipeline | generate_and_vault_rani_reels:33: 🎨 Rendering 1080x1920 Luxury Agency Poster...
2026-08-27 07:26:45 | INFO     | AutopilotPipeline | generate_and_vault_rani_reels:35: ✅ Poster Generated: D:\Antigravity_Projects\social-media-autopilot\temp\rani_makeover_poster.png
2026-08-27 07:26:45 | INFO     | AutopilotPipeline | generate_and_vault_rani_reels:45: 🎬 Rendering Full HD 9:16 Reel with Ken Burns Motion Effect...
2026-08-27 07:26:51 | INFO     | AutopilotPipeline | generate_and_vault_rani_reels:54: 🎉 MASTER REEL SUCCESSFULLY CREATED AND SAVED TO VAULT!
2026-08-27 07:26:51 | INFO     | AutopilotPipeline | generate_and_vault_rani_reels:55: 📁 Video Location: D:\Antigravity_Projects\social-media-autopilot\content_vault\rani_makeover_festive_offer_599.mp4 (2.87 MB)
2026-08-27 08:38:50 | ERROR    | AutopilotPipeline | telegram_bot_daemon:45: Telegram API Error (getFile): HTTP Error 400: Bad Request
2026-08-27 08:38:50 | ERROR    | AutopilotPipeline | telegram_bot_daemon:217: Polling loop error: Failed to get file info: {'ok': False, 'error': 'HTTP Error 400: Bad Request'}
2026-08-27 08:39:16 | ERROR    | AutopilotPipeline | telegram_bot_daemon:45: Telegram API Error (getFile): HTTP Error 400: Bad Request
2026-08-27 08:39:16 | ERROR    | AutopilotPipeline | telegram_bot_daemon:217: Polling loop error: Failed to get file info: {'ok': False, 'error': 'HTTP Error 400: Bad Request'}
2026-08-27 08:39:21 | ERROR    | AutopilotPipeline | telegram_bot_daemon:45: Telegram API Error (getFile): HTTP Error 400: Bad Request
2026-08-27 08:39:21 | ERROR    | AutopilotPipeline | telegram_bot_daemon:217: Polling loop error: Failed to get file info: {'ok': False, 'error': 'HTTP Error 400: Bad Request'}
2026-08-27 08:40:17 | ERROR    | AutopilotPipeline | telegram_bot_daemon:217: Polling loop error: cannot import name 'VideoTranscoder' from 'core.transcoder' (D:\Antigravity_Projects\social-media-autopilot\core\transcoder.py)
2026-08-27 08:40:47 | ERROR    | AutopilotPipeline | telegram_bot_daemon:217: Polling loop error: cannot import name 'VideoTranscoder' from 'core.transcoder' (D:\Antigravity_Projects\social-media-autopilot\core\transcoder.py)
2026-08-27 08:41:08 | ERROR    | AutopilotPipeline | telegram_bot_daemon:217: Polling loop error: cannot import name 'VideoTranscoder' from 'core.transcoder' (D:\Antigravity_Projects\social-media-autopilot\core\transcoder.py)
2026-08-27 08:42:25 | ERROR    | AutopilotPipeline | telegram_bot_daemon:217: Polling loop error: cannot import name 'VideoTranscoder' from 'core.transcoder' (D:\Antigravity_Projects\social-media-autopilot\core\transcoder.py)
2026-08-27 08:42:32 | ERROR    | AutopilotPipeline | telegram_bot_daemon:217: Polling loop error: cannot import name 'VideoTranscoder' from 'core.transcoder' (D:\Antigravity_Projects\social-media-autopilot\core\transcoder.py)
2026-08-27 08:43:12 | ERROR    | AutopilotPipeline | telegram_bot_daemon:217: Polling loop error: cannot import name 'VideoTranscoder' from 'core.transcoder' (D:\Antigravity_Projects\social-media-autopilot\core\transcoder.py)
2026-08-27 08:43:43 | ERROR    | AutopilotPipeline | telegram_bot_daemon:217: Polling loop error: cannot import name 'VideoTranscoder' from 'core.transcoder' (D:\Antigravity_Projects\social-media-autopilot\core\transcoder.py)
2026-08-27 08:53:36 | ERROR    | AutopilotPipeline | telegram_bot_daemon:45: Telegram API Error (getUpdates): HTTP Error 409: Conflict
2026-08-27 08:54:03 | ERROR    | AutopilotPipeline | telegram_bot_daemon:45: Telegram API Error (getUpdates): HTTP Error 409: Conflict
2026-08-27 08:54:09 | ERROR    | AutopilotPipeline | telegram_bot_daemon:45: Telegram API Error (getUpdates): HTTP Error 409: Conflict
2026-08-27 08:54:36 | ERROR    | AutopilotPipeline | telegram_bot_daemon:45: Telegram API Error (getUpdates): HTTP Error 409: Conflict
2026-08-27 08:55:03 | ERROR    | AutopilotPipeline | telegram_bot_daemon:45: Telegram API Error (getUpdates): HTTP Error 409: Conflict
2026-08-27 08:55:09 | ERROR    | AutopilotPipeline | telegram_bot_daemon:45: Telegram API Error (getUpdates): HTTP Error 409: Conflict
2026-08-27 08:55:15 | ERROR    | AutopilotPipeline | telegram_bot_daemon:45: Telegram API Error (getUpdates): HTTP Error 409: Conflict
2026-08-27 08:55:21 | ERROR    | AutopilotPipeline | telegram_bot_daemon:45: Telegram API Error (getUpdates): HTTP Error 409: Conflict
2026-08-27 08:55:26 | ERROR    | AutopilotPipeline | telegram_bot_daemon:45: Telegram API Error (getUpdates): HTTP Error 409: Conflict
2026-08-27 08:55:32 | ERROR    | AutopilotPipeline | telegram_bot_daemon:45: Telegram API Error (getUpdates): HTTP Error 409: Conflict
2026-08-27 08:55:38 | ERROR    | AutopilotPipeline | telegram_bot_daemon:45: Telegram API Error (getUpdates): HTTP Error 409: Conflict
2026-08-27 08:55:44 | ERROR    | AutopilotPipeline | telegram_bot_daemon:45: Telegram API Error (getUpdates): HTTP Error 409: Conflict
2026-08-27 08:55:50 | ERROR    | AutopilotPipeline | telegram_bot_daemon:45: Telegram API Error (getUpdates): HTTP Error 409: Conflict
2026-08-27 08:55:56 | ERROR    | AutopilotPipeline | telegram_bot_daemon:45: Telegram API Error (getUpdates): HTTP Error 409: Conflict
2026-08-27 08:56:02 | ERROR    | AutopilotPipeline | telegram_bot_daemon:45: Telegram API Error (getUpdates): HTTP Error 409: Conflict
2026-08-27 08:56:07 | ERROR    | AutopilotPipeline | telegram_bot_daemon:45: Telegram API Error (getUpdates): HTTP Error 409: Conflict
2026-08-27 08:56:13 | ERROR    | AutopilotPipeline | telegram_bot_daemon:45: Telegram API Error (getUpdates): HTTP Error 409: Conflict
2026-08-27 08:56:19 | ERROR    | AutopilotPipeline | telegram_bot_daemon:45: Telegram API Error (getUpdates): HTTP Error 409: Conflict
2026-08-27 08:56:25 | ERROR    | AutopilotPipeline | telegram_bot_daemon:45: Telegram API Error (getUpdates): HTTP Error 409: Conflict
2026-08-27 08:56:31 | ERROR    | AutopilotPipeline | telegram_bot_daemon:45: Telegram API Error (getUpdates): HTTP Error 409: Conflict
2026-08-27 08:56:37 | ERROR    | AutopilotPipeline | telegram_bot_daemon:45: Telegram API Error (getUpdates): HTTP Error 409: Conflict
2026-08-27 08:56:43 | ERROR    | AutopilotPipeline | telegram_bot_daemon:45: Telegram API Error (getUpdates): HTTP Error 409: Conflict
2026-08-27 08:56:48 | ERROR    | AutopilotPipeline | telegram_bot_daemon:45: Telegram API Error (getUpdates): HTTP Error 409: Conflict
2026-08-27 08:57:15 | ERROR    | AutopilotPipeline | telegram_bot_daemon:45: Telegram API Error (getUpdates): HTTP Error 409: Conflict
2026-08-27 08:57:21 | ERROR    | AutopilotPipeline | telegram_bot_daemon:45: Telegram API Error (getUpdates): HTTP Error 409: Conflict
2026-08-27 08:57:27 | ERROR    | AutopilotPipeline | telegram_bot_daemon:45: Telegram API Error (getUpdates): HTTP Error 409: Conflict
2026-08-27 08:57:54 | ERROR    | AutopilotPipeline | telegram_bot_daemon:45: Telegram API Error (getUpdates): HTTP Error 409: Conflict
2026-08-27 08:58:00 | ERROR    | AutopilotPipeline | telegram_bot_daemon:45: Telegram API Error (getUpdates): HTTP Error 409: Conflict
2026-08-27 08:58:27 | ERROR    | AutopilotPipeline | telegram_bot_daemon:45: Telegram API Error (getUpdates): HTTP Error 409: Conflict
2026-08-27 08:58:33 | ERROR    | AutopilotPipeline | telegram_bot_daemon:45: Telegram API Error (getUpdates): HTTP Error 409: Conflict
2026-08-27 08:58:38 | ERROR    | AutopilotPipeline | telegram_bot_daemon:45: Telegram API Error (getUpdates): HTTP Error 409: Conflict
2026-08-27 08:58:44 | ERROR    | AutopilotPipeline | telegram_bot_daemon:45: Telegram API Error (getUpdates): HTTP Error 409: Conflict
2026-08-27 08:58:50 | ERROR    | AutopilotPipeline | telegram_bot_daemon:45: Telegram API Error (getUpdates): HTTP Error 409: Conflict
2026-08-27 08:58:56 | ERROR    | AutopilotPipeline | telegram_bot_daemon:45: Telegram API Error (getUpdates): HTTP Error 409: Conflict
2026-08-27 08:59:02 | ERROR    | AutopilotPipeline | telegram_bot_daemon:45: Telegram API Error (getUpdates): HTTP Error 409: Conflict
2026-08-27 08:59:08 | ERROR    | AutopilotPipeline | telegram_bot_daemon:45: Telegram API Error (getUpdates): HTTP Error 409: Conflict
2026-08-27 08:59:14 | ERROR    | AutopilotPipeline | telegram_bot_daemon:45: Telegram API Error (getUpdates): HTTP Error 409: Conflict
2026-08-27 08:59:41 | ERROR    | AutopilotPipeline | telegram_bot_daemon:45: Telegram API Error (getUpdates): HTTP Error 409: Conflict
2026-08-27 08:59:46 | ERROR    | AutopilotPipeline | telegram_bot_daemon:45: Telegram API Error (getUpdates): HTTP Error 409: Conflict
2026-08-27 08:59:52 | ERROR    | AutopilotPipeline | telegram_bot_daemon:45: Telegram API Error (getUpdates): HTTP Error 409: Conflict
2026-08-27 09:00:19 | ERROR    | AutopilotPipeline | telegram_bot_daemon:45: Telegram API Error (getUpdates): HTTP Error 409: Conflict
2026-08-27 09:00:25 | ERROR    | AutopilotPipeline | telegram_bot_daemon:45: Telegram API Error (getUpdates): HTTP Error 409: Conflict
2026-08-27 09:00:31 | ERROR    | AutopilotPipeline | telegram_bot_daemon:45: Telegram API Error (getUpdates): HTTP Error 409: Conflict
2026-08-27 09:00:37 | ERROR    | AutopilotPipeline | telegram_bot_daemon:45: Telegram API Error (getUpdates): HTTP Error 409: Conflict
2026-08-27 09:01:04 | ERROR    | AutopilotPipeline | telegram_bot_daemon:45: Telegram API Error (getUpdates): HTTP Error 409: Conflict
2026-08-27 09:01:09 | ERROR    | AutopilotPipeline | telegram_bot_daemon:45: Telegram API Error (getUpdates): HTTP Error 409: Conflict
2026-08-27 09:01:15 | ERROR    | AutopilotPipeline | telegram_bot_daemon:45: Telegram API Error (getUpdates): HTTP Error 409: Conflict
2026-08-27 09:01:21 | ERROR    | AutopilotPipeline | telegram_bot_daemon:45: Telegram API Error (getUpdates): HTTP Error 409: Conflict
2026-08-27 09:01:28 | ERROR    | AutopilotPipeline | telegram_bot_daemon:45: Telegram API Error (getUpdates): HTTP Error 409: Conflict
2026-08-27 09:01:34 | ERROR    | AutopilotPipeline | telegram_bot_daemon:45: Telegram API Error (getUpdates): HTTP Error 409: Conflict
2026-08-27 09:01:40 | ERROR    | AutopilotPipeline | telegram_bot_daemon:45: Telegram API Error (getUpdates): HTTP Error 409: Conflict
2026-08-27 09:01:46 | ERROR    | AutopilotPipeline | telegram_bot_daemon:45: Telegram API Error (getUpdates): HTTP Error 409: Conflict
2026-08-27 09:01:52 | ERROR    | AutopilotPipeline | telegram_bot_daemon:45: Telegram API Error (getUpdates): HTTP Error 409: Conflict
2026-08-27 09:01:58 | ERROR    | AutopilotPipeline | telegram_bot_daemon:45: Telegram API Error (getUpdates): HTTP Error 409: Conflict
2026-08-27 09:02:04 | ERROR    | AutopilotPipeline | telegram_bot_daemon:45: Telegram API Error (getUpdates): HTTP Error 409: Conflict
2026-08-27 09:02:10 | ERROR    | AutopilotPipeline | telegram_bot_daemon:45: Telegram API Error (getUpdates): HTTP Error 409: Conflict
2026-08-27 09:02:15 | ERROR    | AutopilotPipeline | telegram_bot_daemon:45: Telegram API Error (getUpdates): HTTP Error 409: Conflict
2026-08-27 09:02:21 | ERROR    | AutopilotPipeline | telegram_bot_daemon:45: Telegram API Error (getUpdates): HTTP Error 409: Conflict
2026-08-27 09:02:27 | ERROR    | AutopilotPipeline | telegram_bot_daemon:45: Telegram API Error (getUpdates): HTTP Error 409: Conflict
2026-08-27 09:02:33 | ERROR    | AutopilotPipeline | telegram_bot_daemon:45: Telegram API Error (getUpdates): HTTP Error 409: Conflict
2026-08-27 09:02:39 | ERROR    | AutopilotPipeline | telegram_bot_daemon:45: Telegram API Error (getUpdates): HTTP Error 409: Conflict
2026-08-27 09:03:06 | ERROR    | AutopilotPipeline | telegram_bot_daemon:45: Telegram API Error (getUpdates): HTTP Error 409: Conflict
2026-08-27 09:03:11 | ERROR    | AutopilotPipeline | telegram_bot_daemon:45: Telegram API Error (getUpdates): HTTP Error 409: Conflict
2026-08-27 09:03:38 | ERROR    | AutopilotPipeline | telegram_bot_daemon:45: Telegram API Error (getUpdates): HTTP Error 409: Conflict
2026-08-27 09:03:44 | ERROR    | AutopilotPipeline | telegram_bot_daemon:45: Telegram API Error (getUpdates): HTTP Error 409: Conflict
2026-08-27 09:03:50 | ERROR    | AutopilotPipeline | telegram_bot_daemon:45: Telegram API Error (getUpdates): HTTP Error 409: Conflict
2026-08-27 09:03:56 | ERROR    | AutopilotPipeline | telegram_bot_daemon:45: Telegram API Error (getUpdates): HTTP Error 409: Conflict
2026-08-27 09:04:02 | ERROR    | AutopilotPipeline | telegram_bot_daemon:45: Telegram API Error (getUpdates): HTTP Error 409: Conflict
2026-08-27 09:04:08 | ERROR    | AutopilotPipeline | telegram_bot_daemon:45: Telegram API Error (getUpdates): HTTP Error 409: Conflict
2026-08-27 09:04:13 | ERROR    | AutopilotPipeline | telegram_bot_daemon:45: Telegram API Error (getUpdates): HTTP Error 409: Conflict
2026-08-27 09:04:19 | ERROR    | AutopilotPipeline | telegram_bot_daemon:45: Telegram API Error (getUpdates): HTTP Error 409: Conflict
2026-08-27 09:04:46 | ERROR    | AutopilotPipeline | telegram_bot_daemon:45: Telegram API Error (getUpdates): HTTP Error 409: Conflict
2026-08-27 09:04:52 | ERROR    | AutopilotPipeline | telegram_bot_daemon:45: Telegram API Error (getUpdates): HTTP Error 409: Conflict
2026-08-27 09:05:19 | ERROR    | AutopilotPipeline | telegram_bot_daemon:45: Telegram API Error (getUpdates): HTTP Error 409: Conflict
2026-08-27 09:05:25 | ERROR    | AutopilotPipeline | telegram_bot_daemon:45: Telegram API Error (getUpdates): HTTP Error 409: Conflict
2026-08-27 09:05:31 | ERROR    | AutopilotPipeline | telegram_bot_daemon:45: Telegram API Error (getUpdates): HTTP Error 409: Conflict
2026-08-27 09:05:37 | ERROR    | AutopilotPipeline | telegram_bot_daemon:45: Telegram API Error (getUpdates): HTTP Error 409: Conflict
2026-08-27 09:05:42 | ERROR    | AutopilotPipeline | telegram_bot_daemon:45: Telegram API Error (getUpdates): HTTP Error 409: Conflict
2026-08-27 09:05:48 | ERROR    | AutopilotPipeline | telegram_bot_daemon:45: Telegram API Error (getUpdates): HTTP Error 409: Conflict
2026-08-27 09:05:54 | ERROR    | AutopilotPipeline | telegram_bot_daemon:45: Telegram API Error (getUpdates): HTTP Error 409: Conflict
2026-08-27 09:06:00 | ERROR    | AutopilotPipeline | telegram_bot_daemon:45: Telegram API Error (getUpdates): HTTP Error 409: Conflict
2026-08-27 09:06:06 | ERROR    | AutopilotPipeline | telegram_bot_daemon:45: Telegram API Error (getUpdates): HTTP Error 409: Conflict
2026-08-27 09:06:33 | ERROR    | AutopilotPipeline | telegram_bot_daemon:45: Telegram API Error (getUpdates): HTTP Error 409: Conflict
2026-08-27 09:06:38 | ERROR    | AutopilotPipeline | telegram_bot_daemon:45: Telegram API Error (getUpdates): HTTP Error 409: Conflict
2026-08-27 09:06:44 | ERROR    | AutopilotPipeline | telegram_bot_daemon:45: Telegram API Error (getUpdates): HTTP Error 409: Conflict
2026-08-27 09:06:50 | ERROR    | AutopilotPipeline | telegram_bot_daemon:45: Telegram API Error (getUpdates): HTTP Error 409: Conflict
2026-08-27 09:06:56 | ERROR    | AutopilotPipeline | telegram_bot_daemon:45: Telegram API Error (getUpdates): HTTP Error 409: Conflict
2026-08-27 09:07:23 | ERROR    | AutopilotPipeline | telegram_bot_daemon:45: Telegram API Error (getUpdates): HTTP Error 409: Conflict
2026-08-27 09:07:29 | ERROR    | AutopilotPipeline | telegram_bot_daemon:45: Telegram API Error (getUpdates): HTTP Error 409: Conflict
2026-08-27 09:07:47 | ERROR    | AutopilotPipeline | telegram_bot_daemon:45: Telegram API Error (getUpdates): HTTP Error 409: Conflict
2026-08-27 09:07:53 | ERROR    | AutopilotPipeline | telegram_bot_daemon:45: Telegram API Error (getUpdates): HTTP Error 409: Conflict
2026-08-27 09:07:59 | ERROR    | AutopilotPipeline | telegram_bot_daemon:45: Telegram API Error (getUpdates): HTTP Error 409: Conflict
2026-08-27 09:08:05 | ERROR    | AutopilotPipeline | telegram_bot_daemon:45: Telegram API Error (getUpdates): HTTP Error 409: Conflict
2026-08-27 09:08:10 | ERROR    | AutopilotPipeline | telegram_bot_daemon:45: Telegram API Error (getUpdates): HTTP Error 409: Conflict
2026-08-27 09:08:16 | ERROR    | AutopilotPipeline | telegram_bot_daemon:45: Telegram API Error (getUpdates): HTTP Error 409: Conflict
2026-08-27 09:08:22 | ERROR    | AutopilotPipeline | telegram_bot_daemon:45: Telegram API Error (getUpdates): HTTP Error 409: Conflict
2026-08-27 09:08:28 | ERROR    | AutopilotPipeline | telegram_bot_daemon:45: Telegram API Error (getUpdates): HTTP Error 409: Conflict
2026-08-27 09:08:34 | ERROR    | AutopilotPipeline | telegram_bot_daemon:45: Telegram API Error (getUpdates): HTTP Error 409: Conflict
2026-08-27 09:08:37 | ERROR    | AutopilotPipeline | telegram_bot_daemon:45: Telegram API Error (getUpdates): HTTP Error 409: Conflict
2026-08-27 09:10:10 | ERROR    | AutopilotPipeline | telegram_bot_daemon:45: Telegram API Error (getUpdates): The read operation timed out
2026-08-27 09:14:46 | ERROR    | AutopilotPipeline | telegram_bot_daemon:45: Telegram API Error (getUpdates): HTTP Error 409: Conflict
2026-08-27 09:15:13 | ERROR    | AutopilotPipeline | telegram_bot_daemon:45: Telegram API Error (getUpdates): HTTP Error 409: Conflict
2026-08-27 09:15:19 | ERROR    | AutopilotPipeline | telegram_bot_daemon:45: Telegram API Error (getUpdates): HTTP Error 409: Conflict
2026-08-27 09:15:46 | ERROR    | AutopilotPipeline | telegram_bot_daemon:45: Telegram API Error (getUpdates): HTTP Error 409: Conflict
2026-08-27 09:16:13 | ERROR    | AutopilotPipeline | telegram_bot_daemon:45: Telegram API Error (getUpdates): HTTP Error 409: Conflict
2026-08-27 09:16:19 | ERROR    | AutopilotPipeline | telegram_bot_daemon:45: Telegram API Error (getUpdates): HTTP Error 409: Conflict
2026-08-27 09:16:25 | ERROR    | AutopilotPipeline | telegram_bot_daemon:45: Telegram API Error (getUpdates): HTTP Error 409: Conflict
2026-08-27 09:16:31 | ERROR    | AutopilotPipeline | telegram_bot_daemon:45: Telegram API Error (getUpdates): HTTP Error 409: Conflict
2026-08-27 09:16:58 | ERROR    | AutopilotPipeline | telegram_bot_daemon:45: Telegram API Error (getUpdates): HTTP Error 409: Conflict
2026-08-27 09:17:24 | ERROR    | AutopilotPipeline | telegram_bot_daemon:45: Telegram API Error (getUpdates): HTTP Error 409: Conflict
2026-08-27 09:17:30 | ERROR    | AutopilotPipeline | telegram_bot_daemon:45: Telegram API Error (getUpdates): HTTP Error 409: Conflict
2026-08-27 09:17:36 | ERROR    | AutopilotPipeline | telegram_bot_daemon:45: Telegram API Error (getUpdates): HTTP Error 409: Conflict
2026-08-27 09:17:45 | ERROR    | AutopilotPipeline | telegram_bot_daemon:45: Telegram API Error (getUpdates): HTTP Error 409: Conflict
2026-08-27 09:17:51 | ERROR    | AutopilotPipeline | telegram_bot_daemon:45: Telegram API Error (getUpdates): HTTP Error 409: Conflict
2026-08-27 09:18:18 | ERROR    | AutopilotPipeline | telegram_bot_daemon:45: Telegram API Error (getUpdates): HTTP Error 409: Conflict
2026-08-27 09:18:45 | ERROR    | AutopilotPipeline | telegram_bot_daemon:45: Telegram API Error (getUpdates): HTTP Error 409: Conflict
2026-08-27 09:18:51 | ERROR    | AutopilotPipeline | telegram_bot_daemon:45: Telegram API Error (getUpdates): HTTP Error 409: Conflict
2026-08-27 09:18:57 | ERROR    | AutopilotPipeline | telegram_bot_daemon:45: Telegram API Error (getUpdates): HTTP Error 409: Conflict
2026-08-27 09:19:02 | ERROR    | AutopilotPipeline | telegram_bot_daemon:45: Telegram API Error (getUpdates): HTTP Error 409: Conflict
2026-08-27 09:19:29 | ERROR    | AutopilotPipeline | telegram_bot_daemon:45: Telegram API Error (getUpdates): HTTP Error 409: Conflict
2026-08-27 09:19:35 | ERROR    | AutopilotPipeline | telegram_bot_daemon:45: Telegram API Error (getUpdates): HTTP Error 409: Conflict
2026-08-27 09:19:41 | ERROR    | AutopilotPipeline | telegram_bot_daemon:45: Telegram API Error (getUpdates): HTTP Error 409: Conflict
2026-08-27 09:19:47 | ERROR    | AutopilotPipeline | telegram_bot_daemon:45: Telegram API Error (getUpdates): HTTP Error 409: Conflict
2026-08-27 09:19:53 | ERROR    | AutopilotPipeline | telegram_bot_daemon:45: Telegram API Error (getUpdates): HTTP Error 409: Conflict
2026-08-27 09:19:59 | ERROR    | AutopilotPipeline | telegram_bot_daemon:45: Telegram API Error (getUpdates): HTTP Error 409: Conflict
2026-08-27 09:20:05 | ERROR    | AutopilotPipeline | telegram_bot_daemon:45: Telegram API Error (getUpdates): HTTP Error 409: Conflict
2026-08-27 09:20:10 | ERROR    | AutopilotPipeline | telegram_bot_daemon:45: Telegram API Error (getUpdates): HTTP Error 409: Conflict
2026-08-27 09:20:16 | ERROR    | AutopilotPipeline | telegram_bot_daemon:45: Telegram API Error (getUpdates): HTTP Error 409: Conflict
2026-08-27 09:20:43 | ERROR    | AutopilotPipeline | telegram_bot_daemon:45: Telegram API Error (getUpdates): HTTP Error 409: Conflict
2026-08-27 09:20:49 | ERROR    | AutopilotPipeline | telegram_bot_daemon:45: Telegram API Error (getUpdates): HTTP Error 409: Conflict
2026-08-27 09:20:55 | ERROR    | AutopilotPipeline | telegram_bot_daemon:45: Telegram API Error (getUpdates): HTTP Error 409: Conflict
2026-08-27 09:21:01 | ERROR    | AutopilotPipeline | telegram_bot_daemon:45: Telegram API Error (getUpdates): HTTP Error 409: Conflict
2026-08-27 09:21:28 | ERROR    | AutopilotPipeline | telegram_bot_daemon:45: Telegram API Error (getUpdates): HTTP Error 409: Conflict
2026-08-27 09:21:55 | ERROR    | AutopilotPipeline | telegram_bot_daemon:45: Telegram API Error (getUpdates): HTTP Error 409: Conflict
2026-08-27 09:22:00 | ERROR    | AutopilotPipeline | telegram_bot_daemon:45: Telegram API Error (getUpdates): HTTP Error 409: Conflict
2026-08-27 09:22:06 | ERROR    | AutopilotPipeline | telegram_bot_daemon:45: Telegram API Error (getUpdates): HTTP Error 409: Conflict
2026-08-27 09:22:33 | ERROR    | AutopilotPipeline | telegram_bot_daemon:45: Telegram API Error (getUpdates): HTTP Error 409: Conflict
2026-08-27 09:22:39 | ERROR    | AutopilotPipeline | telegram_bot_daemon:45: Telegram API Error (getUpdates): HTTP Error 409: Conflict
2026-08-27 09:22:45 | ERROR    | AutopilotPipeline | telegram_bot_daemon:45: Telegram API Error (getUpdates): HTTP Error 409: Conflict
2026-08-27 09:22:51 | ERROR    | AutopilotPipeline | telegram_bot_daemon:45: Telegram API Error (getUpdates): HTTP Error 409: Conflict
2026-08-27 09:22:52 | ERROR    | AutopilotPipeline | telegram_bot_daemon:45: Telegram API Error (getUpdates): [WinError 10054] An existing connection was forcibly closed by the remote host
2026-08-27 09:22:58 | ERROR    | AutopilotPipeline | telegram_bot_daemon:45: Telegram API Error (getUpdates): HTTP Error 409: Conflict
2026-08-27 09:23:04 | ERROR    | AutopilotPipeline | telegram_bot_daemon:45: Telegram API Error (getUpdates): HTTP Error 409: Conflict
2026-08-27 09:23:10 | ERROR    | AutopilotPipeline | telegram_bot_daemon:45: Telegram API Error (getUpdates): HTTP Error 409: Conflict
2026-08-27 09:23:16 | ERROR    | AutopilotPipeline | telegram_bot_daemon:45: Telegram API Error (getUpdates): HTTP Error 409: Conflict
2026-08-27 09:23:22 | ERROR    | AutopilotPipeline | telegram_bot_daemon:45: Telegram API Error (getUpdates): HTTP Error 409: Conflict
2026-08-27 09:23:28 | ERROR    | AutopilotPipeline | telegram_bot_daemon:45: Telegram API Error (getUpdates): HTTP Error 409: Conflict
2026-08-27 09:23:34 | ERROR    | AutopilotPipeline | telegram_bot_daemon:45: Telegram API Error (getUpdates): HTTP Error 409: Conflict
2026-08-27 09:23:40 | ERROR    | AutopilotPipeline | telegram_bot_daemon:45: Telegram API Error (getUpdates): HTTP Error 409: Conflict
2026-08-27 09:23:45 | ERROR    | AutopilotPipeline | telegram_bot_daemon:45: Telegram API Error (getUpdates): HTTP Error 409: Conflict
2026-08-27 09:24:12 | ERROR    | AutopilotPipeline | telegram_bot_daemon:45: Telegram API Error (getUpdates): HTTP Error 409: Conflict
2026-08-27 09:24:18 | ERROR    | AutopilotPipeline | telegram_bot_daemon:45: Telegram API Error (getUpdates): HTTP Error 409: Conflict
2026-08-27 09:24:45 | ERROR    | AutopilotPipeline | telegram_bot_daemon:45: Telegram API Error (getUpdates): HTTP Error 409: Conflict
2026-08-27 09:24:51 | ERROR    | AutopilotPipeline | telegram_bot_daemon:45: Telegram API Error (getUpdates): HTTP Error 409: Conflict
2026-08-27 09:24:57 | ERROR    | AutopilotPipeline | telegram_bot_daemon:45: Telegram API Error (getUpdates): HTTP Error 409: Conflict
2026-08-27 09:25:03 | ERROR    | AutopilotPipeline | telegram_bot_daemon:45: Telegram API Error (getUpdates): HTTP Error 409: Conflict
2026-08-27 09:25:09 | ERROR    | AutopilotPipeline | telegram_bot_daemon:45: Telegram API Error (getUpdates): HTTP Error 409: Conflict
2026-08-27 09:25:14 | ERROR    | AutopilotPipeline | telegram_bot_daemon:45: Telegram API Error (getUpdates): HTTP Error 409: Conflict
2026-08-27 09:25:41 | ERROR    | AutopilotPipeline | telegram_bot_daemon:45: Telegram API Error (getUpdates): HTTP Error 409: Conflict
2026-08-27 09:25:47 | ERROR    | AutopilotPipeline | telegram_bot_daemon:45: Telegram API Error (getUpdates): HTTP Error 409: Conflict
2026-08-27 09:25:53 | ERROR    | AutopilotPipeline | telegram_bot_daemon:45: Telegram API Error (getUpdates): HTTP Error 409: Conflict
2026-08-27 09:25:59 | ERROR    | AutopilotPipeline | telegram_bot_daemon:45: Telegram API Error (getUpdates): HTTP Error 409: Conflict
2026-08-27 09:26:05 | ERROR    | AutopilotPipeline | telegram_bot_daemon:45: Telegram API Error (getUpdates): HTTP Error 409: Conflict
2026-08-27 09:26:11 | ERROR    | AutopilotPipeline | telegram_bot_daemon:45: Telegram API Error (getUpdates): HTTP Error 409: Conflict
2026-08-27 09:26:16 | ERROR    | AutopilotPipeline | telegram_bot_daemon:45: Telegram API Error (getUpdates): HTTP Error 409: Conflict
2026-08-27 09:26:22 | ERROR    | AutopilotPipeline | telegram_bot_daemon:45: Telegram API Error (getUpdates): HTTP Error 409: Conflict
2026-08-27 09:26:28 | ERROR    | AutopilotPipeline | telegram_bot_daemon:45: Telegram API Error (getUpdates): HTTP Error 409: Conflict
2026-08-27 09:26:34 | ERROR    | AutopilotPipeline | telegram_bot_daemon:45: Telegram API Error (getUpdates): HTTP Error 409: Conflict
2026-08-27 09:26:40 | ERROR    | AutopilotPipeline | telegram_bot_daemon:45: Telegram API Error (getUpdates): HTTP Error 409: Conflict
2026-08-27 09:26:46 | ERROR    | AutopilotPipeline | telegram_bot_daemon:45: Telegram API Error (getUpdates): HTTP Error 409: Conflict
2026-08-27 09:26:51 | ERROR    | AutopilotPipeline | telegram_bot_daemon:45: Telegram API Error (getUpdates): HTTP Error 409: Conflict
2026-08-27 09:26:57 | ERROR    | AutopilotPipeline | telegram_bot_daemon:45: Telegram API Error (getUpdates): HTTP Error 409: Conflict
2026-08-27 09:27:03 | ERROR    | AutopilotPipeline | telegram_bot_daemon:45: Telegram API Error (getUpdates): HTTP Error 409: Conflict
2026-08-27 09:27:30 | ERROR    | AutopilotPipeline | telegram_bot_daemon:45: Telegram API Error (getUpdates): HTTP Error 409: Conflict
2026-08-27 09:27:36 | ERROR    | AutopilotPipeline | telegram_bot_daemon:45: Telegram API Error (getUpdates): HTTP Error 409: Conflict
2026-08-27 09:27:42 | ERROR    | AutopilotPipeline | telegram_bot_daemon:45: Telegram API Error (getUpdates): HTTP Error 409: Conflict
2026-08-27 09:27:48 | ERROR    | AutopilotPipeline | telegram_bot_daemon:45: Telegram API Error (getUpdates): HTTP Error 409: Conflict
2026-08-27 09:27:54 | ERROR    | AutopilotPipeline | telegram_bot_daemon:45: Telegram API Error (getUpdates): HTTP Error 409: Conflict
2026-08-27 09:28:20 | ERROR    | AutopilotPipeline | telegram_bot_daemon:45: Telegram API Error (getUpdates): HTTP Error 409: Conflict
2026-08-27 09:28:26 | ERROR    | AutopilotPipeline | telegram_bot_daemon:45: Telegram API Error (getUpdates): HTTP Error 409: Conflict
2026-08-27 09:28:32 | ERROR    | AutopilotPipeline | telegram_bot_daemon:45: Telegram API Error (getUpdates): HTTP Error 409: Conflict
2026-08-27 09:28:38 | ERROR    | AutopilotPipeline | telegram_bot_daemon:45: Telegram API Error (getUpdates): HTTP Error 409: Conflict
2026-08-27 09:28:44 | ERROR    | AutopilotPipeline | telegram_bot_daemon:45: Telegram API Error (getUpdates): HTTP Error 409: Conflict
2026-08-27 09:28:50 | ERROR    | AutopilotPipeline | telegram_bot_daemon:45: Telegram API Error (getUpdates): HTTP Error 409: Conflict
2026-08-27 09:28:55 | ERROR    | AutopilotPipeline | telegram_bot_daemon:45: Telegram API Error (getUpdates): HTTP Error 409: Conflict
2026-08-27 09:29:01 | ERROR    | AutopilotPipeline | telegram_bot_daemon:45: Telegram API Error (getUpdates): HTTP Error 409: Conflict
2026-08-27 09:29:28 | ERROR    | AutopilotPipeline | telegram_bot_daemon:45: Telegram API Error (getUpdates): HTTP Error 409: Conflict
2026-08-27 09:29:34 | ERROR    | AutopilotPipeline | telegram_bot_daemon:45: Telegram API Error (getUpdates): HTTP Error 409: Conflict
2026-08-27 09:29:40 | ERROR    | AutopilotPipeline | telegram_bot_daemon:45: Telegram API Error (getUpdates): HTTP Error 409: Conflict
2026-08-27 09:29:46 | ERROR    | AutopilotPipeline | telegram_bot_daemon:45: Telegram API Error (getUpdates): HTTP Error 409: Conflict
2026-08-27 09:29:52 | ERROR    | AutopilotPipeline | telegram_bot_daemon:45: Telegram API Error (getUpdates): HTTP Error 409: Conflict
2026-08-27 09:30:38 | ERROR    | AutopilotPipeline | telegram_bot_daemon:45: Telegram API Error (getUpdates): The read operation timed out
2026-08-27 15:14:57 | INFO     | AutopilotPipeline | youtube_uploader:49: 🔄 Refreshing expired YouTube OAuth token...
2026-08-27 15:14:58 | INFO     | AutopilotPipeline | youtube_uploader:58: ✅ YouTube OAuth token refreshed successfully.
2026-08-27 15:14:58 | INFO     | AutopilotPipeline | youtube_uploader:69: ✅ YouTube Data API v3 client initialized.
2026-08-27 15:14:58 | INFO     | AutopilotPipeline | youtube_uploader:106: 📤 Uploading to YouTube Shorts: 'Rani Makeover • ✨ SIGNATURE SMOKEY & HOODED EYE GLAM ✨ ✨ #Shorts #Viral #Shorts' [public]...
2026-08-27 15:15:01 | INFO     | AutopilotPipeline | youtube_uploader:130: ⏳ YouTube upload progress: 71%
2026-08-27 15:15:03 | INFO     | AutopilotPipeline | youtube_uploader:142: 🎉 YouTube Short published successfully! URL: https://youtube.com/shorts/UcfTiRQcQkc
2026-08-27 15:24:55 | INFO     | AutopilotPipeline | youtube_uploader:69: ✅ YouTube Data API v3 client initialized.
2026-08-27 15:24:55 | INFO     | AutopilotPipeline | youtube_uploader:106: 📤 Uploading to YouTube Shorts: 'Rani Makeover • 🎁 5-IN-1 FESTIVE BEAUTY PACKAGE 🎁 ✨ #Shorts #Viral #Shorts' [public]...
2026-08-27 15:24:59 | INFO     | AutopilotPipeline | youtube_uploader:130: ⏳ YouTube upload progress: 72%
2026-08-27 15:25:01 | INFO     | AutopilotPipeline | youtube_uploader:142: 🎉 YouTube Short published successfully! URL: https://youtube.com/shorts/EGE8sGOctqk
2026-08-27 19:58:47 | INFO     | AutopilotPipeline | youtube_uploader:49: 🔄 Refreshing expired YouTube OAuth token...
2026-08-27 19:58:48 | INFO     | AutopilotPipeline | youtube_uploader:58: ✅ YouTube OAuth token refreshed successfully.
2026-08-27 19:58:48 | INFO     | AutopilotPipeline | youtube_uploader:69: ✅ YouTube Data API v3 client initialized.
2026-08-27 19:58:48 | INFO     | AutopilotPipeline | youtube_uploader:106: 📤 Uploading to YouTube Shorts: 'Rani Makeover • 👑 ROYAL BRIDAL MAKEOVER SPECIAL 👑 ✨ #Shorts #Viral #Shorts' [public]...
2026-08-27 19:58:52 | INFO     | AutopilotPipeline | youtube_uploader:142: 🎉 YouTube Short published successfully! URL: https://youtube.com/shorts/8tvVTEWhTS0
2026-08-28 09:45:01 | INFO     | AutopilotPipeline | youtube_uploader:49: 🔄 Refreshing expired YouTube OAuth token...
2026-08-28 09:45:03 | INFO     | AutopilotPipeline | youtube_uploader:58: ✅ YouTube OAuth token refreshed successfully.
2026-08-28 09:45:03 | INFO     | AutopilotPipeline | youtube_uploader:69: ✅ YouTube Data API v3 client initialized.
2026-08-28 09:45:03 | INFO     | AutopilotPipeline | youtube_uploader:106: 📤 Uploading to YouTube Shorts: 'Rani Makeover • 🌸 HERBAL DE-TAN & SKIN BRIGHTENING 🌸 ✨ #Shorts #Viral #Shorts' [public]...
2026-08-28 09:45:09 | INFO     | AutopilotPipeline | youtube_uploader:130: ⏳ YouTube upload progress: 55%
2026-08-28 09:45:10 | INFO     | AutopilotPipeline | youtube_uploader:142: 🎉 YouTube Short published successfully! URL: https://youtube.com/shorts/UGfpvurfcJE
2026-08-28 16:01:47 | INFO     | AutopilotPipeline | youtube_uploader:49: 🔄 Refreshing expired YouTube OAuth token...
2026-08-28 16:01:48 | INFO     | AutopilotPipeline | youtube_uploader:58: ✅ YouTube OAuth token refreshed successfully.
2026-08-28 16:01:48 | INFO     | AutopilotPipeline | youtube_uploader:69: ✅ YouTube Data API v3 client initialized.
2026-08-28 16:01:48 | INFO     | AutopilotPipeline | youtube_uploader:106: 📤 Uploading to YouTube Shorts: 'Rani Makeover • 👑 ROYAL QUEEN MAKEOVER STUDIO 👑 ✨ #Shorts #Viral #Shorts' [public]...
2026-08-28 16:01:51 | INFO     | AutopilotPipeline | youtube_uploader:130: ⏳ YouTube upload progress: 89%
2026-08-28 16:01:53 | INFO     | AutopilotPipeline | youtube_uploader:142: 🎉 YouTube Short published successfully! URL: https://youtube.com/shorts/3nmYvdZ_4-Q
2026-08-28 10:46:11 | INFO     | AutopilotPipeline | youtube_uploader:69: ✅ YouTube Data API v3 client initialized.
2026-08-28 10:46:11 | INFO     | AutopilotPipeline | youtube_uploader:106: 📤 Uploading to YouTube Shorts: 'Rani Makeover • 💅 LUXURY NAIL ART & GEL EXTENSIONS 💅 ✨ #Shorts #Viral #Shorts' [public]...
2026-08-28 10:46:12 | INFO     | AutopilotPipeline | youtube_uploader:130: ⏳ YouTube upload progress: 98%
2026-08-28 10:46:13 | INFO     | AutopilotPipeline | youtube_uploader:142: 🎉 YouTube Short published successfully! URL: https://youtube.com/shorts/j5nEY22qUvw
2026-08-28 21:16:05 | INFO     | AutopilotPipeline | youtube_uploader:49: 🔄 Refreshing expired YouTube OAuth token...
2026-08-28 21:16:05 | INFO     | AutopilotPipeline | youtube_uploader:58: ✅ YouTube OAuth token refreshed successfully.
2026-08-28 21:16:05 | INFO     | AutopilotPipeline | youtube_uploader:69: ✅ YouTube Data API v3 client initialized.
2026-08-28 21:16:05 | INFO     | AutopilotPipeline | youtube_uploader:106: 📤 Uploading to YouTube Shorts: 'Rani Makeover • ★ 100% FLAWLESS HD GLOW-UP ★ ✨ #Shorts #Viral #Trending #Shorts' [public]...
2026-08-28 21:16:08 | INFO     | AutopilotPipeline | youtube_uploader:142: 🎉 YouTube Short published successfully! URL: https://youtube.com/shorts/1IpuOlPAnG8
2026-08-28 21:49:48 | INFO     | AutopilotPipeline | youtube_uploader:49: 🔄 Refreshing expired YouTube OAuth token...
2026-08-28 21:49:49 | INFO     | AutopilotPipeline | youtube_uploader:58: ✅ YouTube OAuth token refreshed successfully.
2026-08-28 21:49:49 | INFO     | AutopilotPipeline | youtube_uploader:69: ✅ YouTube Data API v3 client initialized.
2026-08-28 21:49:49 | INFO     | AutopilotPipeline | youtube_uploader:106: 📤 Uploading to YouTube Shorts: 'Rani Makeover • 💅 LUXURY NAIL ART & GEL EXTENSIONS 💅 ✨ #Shorts #Viral #Trending #Shorts' [public]...
2026-08-28 21:49:50 | INFO     | AutopilotPipeline | youtube_uploader:130: ⏳ YouTube upload progress: 72%
2026-08-28 21:49:50 | INFO     | AutopilotPipeline | youtube_uploader:142: 🎉 YouTube Short published successfully! URL: https://youtube.com/shorts/QV1NwYOjidc
2026-08-29 03:37:00 | INFO     | AutopilotPipeline | youtube_uploader:49: 🔄 Refreshing expired YouTube OAuth token...
2026-08-29 03:37:00 | INFO     | AutopilotPipeline | youtube_uploader:58: ✅ YouTube OAuth token refreshed successfully.
2026-08-29 03:37:00 | INFO     | AutopilotPipeline | youtube_uploader:69: ✅ YouTube Data API v3 client initialized.
2026-08-29 03:37:00 | INFO     | AutopilotPipeline | youtube_uploader:106: 📤 Uploading to YouTube Shorts: 'Rani Makeover • ★ 100% FLAWLESS HD GLOW-UP ★ ✨ #Shorts #Viral #Trending #Shorts' [public]...
2026-08-29 03:37:01 | INFO     | AutopilotPipeline | youtube_uploader:130: ⏳ YouTube upload progress: 81%
2026-08-29 03:37:01 | INFO     | AutopilotPipeline | youtube_uploader:142: 🎉 YouTube Short published successfully! URL: https://youtube.com/shorts/pAbuR8RUv1A
2026-08-29 08:37:24 | INFO     | AutopilotPipeline | youtube_uploader:49: 🔄 Refreshing expired YouTube OAuth token...
2026-08-29 08:37:24 | INFO     | AutopilotPipeline | youtube_uploader:58: ✅ YouTube OAuth token refreshed successfully.
2026-08-29 08:37:24 | INFO     | AutopilotPipeline | youtube_uploader:69: ✅ YouTube Data API v3 client initialized.
2026-08-29 08:37:24 | INFO     | AutopilotPipeline | youtube_uploader:106: 📤 Uploading to YouTube Shorts: 'Rani Makeover • 🌟 KOREAN GLASS SKIN HYDRA FACIAL 🌟 ✨ #Shorts #Viral #Trending' [public]...
2026-08-29 08:37:25 | INFO     | AutopilotPipeline | youtube_uploader:130: ⏳ YouTube upload progress: 71%
2026-08-29 08:37:26 | INFO     | AutopilotPipeline | youtube_uploader:142: 🎉 YouTube Short published successfully! URL: https://youtube.com/shorts/6cpNvtULTpI
2026-08-29 13:35:20 | INFO     | AutopilotPipeline | youtube_uploader:49: 🔄 Refreshing expired YouTube OAuth token...
2026-08-29 13:35:20 | INFO     | AutopilotPipeline | youtube_uploader:58: ✅ YouTube OAuth token refreshed successfully.
2026-08-29 13:35:20 | INFO     | AutopilotPipeline | youtube_uploader:69: ✅ YouTube Data API v3 client initialized.
2026-08-29 13:35:20 | INFO     | AutopilotPipeline | youtube_uploader:106: 📤 Uploading to YouTube Shorts: 'Rani Makeover • 🌟 KOREAN GLASS SKIN HYDRA FACIAL 🌟 ✨ #Shorts #Viral #Trending' [public]...
2026-08-29 13:35:22 | INFO     | AutopilotPipeline | youtube_uploader:130: ⏳ YouTube upload progress: 72%
2026-08-29 13:35:23 | INFO     | AutopilotPipeline | youtube_uploader:142: 🎉 YouTube Short published successfully! URL: https://youtube.com/shorts/JElmFg-LeKw
2026-08-30 03:36:48 | INFO     | AutopilotPipeline | youtube_uploader:49: 🔄 Refreshing expired YouTube OAuth token...
2026-08-30 03:36:48 | INFO     | AutopilotPipeline | youtube_uploader:58: ✅ YouTube OAuth token refreshed successfully.
2026-08-30 03:36:48 | INFO     | AutopilotPipeline | youtube_uploader:69: ✅ YouTube Data API v3 client initialized.
2026-08-30 03:36:48 | INFO     | AutopilotPipeline | youtube_uploader:106: 📤 Uploading to YouTube Shorts: 'Rani Makeover • 🔥 CELEBRITY PARTY GLAMOUR LOOK 🔥 ✨ #Shorts #Viral #Trending' [public]...
2026-08-30 03:36:49 | INFO     | AutopilotPipeline | youtube_uploader:142: 🎉 YouTube Short published successfully! URL: https://youtube.com/shorts/JRVSourWVbo
2026-08-30 08:37:14 | INFO     | AutopilotPipeline | youtube_uploader:49: 🔄 Refreshing expired YouTube OAuth token...
2026-08-30 08:37:14 | INFO     | AutopilotPipeline | youtube_uploader:58: ✅ YouTube OAuth token refreshed successfully.
2026-08-30 08:37:14 | INFO     | AutopilotPipeline | youtube_uploader:69: ✅ YouTube Data API v3 client initialized.
2026-08-30 08:37:14 | INFO     | AutopilotPipeline | youtube_uploader:106: 📤 Uploading to YouTube Shorts: 'Rani Makeover • 💅 LUXURY NAIL ART & GEL EXTENSIONS 💅 ✨ #Shorts #Viral #Trending' [public]...
2026-08-30 08:37:15 | INFO     | AutopilotPipeline | youtube_uploader:130: ⏳ YouTube upload progress: 60%
2026-08-30 08:37:15 | INFO     | AutopilotPipeline | youtube_uploader:142: 🎉 YouTube Short published successfully! URL: https://youtube.com/shorts/rnmuO_meuQo
2026-08-30 13:35:37 | INFO     | AutopilotPipeline | youtube_uploader:49: 🔄 Refreshing expired YouTube OAuth token...
2026-08-30 13:35:37 | INFO     | AutopilotPipeline | youtube_uploader:58: ✅ YouTube OAuth token refreshed successfully.
2026-08-30 13:35:37 | INFO     | AutopilotPipeline | youtube_uploader:69: ✅ YouTube Data API v3 client initialized.
2026-08-30 13:35:37 | INFO     | AutopilotPipeline | youtube_uploader:106: 📤 Uploading to YouTube Shorts: 'Rani Makeover • 🔥 CELEBRITY PARTY GLAMOUR LOOK 🔥 ✨ #Shorts #Viral #Trending' [public]...
2026-08-30 13:35:38 | INFO     | AutopilotPipeline | youtube_uploader:130: ⏳ YouTube upload progress: 61%
2026-08-30 13:35:39 | INFO     | AutopilotPipeline | youtube_uploader:142: 🎉 YouTube Short published successfully! URL: https://youtube.com/shorts/O3dI1YDJKxE
2026-08-31 03:37:01 | INFO     | AutopilotPipeline | youtube_uploader:49: 🔄 Refreshing expired YouTube OAuth token...
2026-08-31 03:37:01 | INFO     | AutopilotPipeline | youtube_uploader:58: ✅ YouTube OAuth token refreshed successfully.
2026-08-31 03:37:01 | INFO     | AutopilotPipeline | youtube_uploader:69: ✅ YouTube Data API v3 client initialized.
2026-08-31 03:37:01 | INFO     | AutopilotPipeline | youtube_uploader:106: 📤 Uploading to YouTube Shorts: 'Rani Makeover • 🌟 KOREAN GLASS SKIN HYDRA FACIAL 🌟 ✨ #Shorts #Viral #Trending' [public]...
2026-08-31 03:37:03 | INFO     | AutopilotPipeline | youtube_uploader:130: ⏳ YouTube upload progress: 48%
2026-08-31 03:37:04 | INFO     | AutopilotPipeline | youtube_uploader:130: ⏳ YouTube upload progress: 96%
2026-08-31 03:37:04 | INFO     | AutopilotPipeline | youtube_uploader:142: 🎉 YouTube Short published successfully! URL: https://youtube.com/shorts/HvMtQRpsVas
2026-08-31 08:37:36 | INFO     | AutopilotPipeline | youtube_uploader:49: 🔄 Refreshing expired YouTube OAuth token...
2026-08-31 08:37:36 | INFO     | AutopilotPipeline | youtube_uploader:58: ✅ YouTube OAuth token refreshed successfully.
2026-08-31 08:37:36 | INFO     | AutopilotPipeline | youtube_uploader:69: ✅ YouTube Data API v3 client initialized.
2026-08-31 08:37:36 | INFO     | AutopilotPipeline | youtube_uploader:106: 📤 Uploading to YouTube Shorts: 'Rani Makeover • 💎 LUXURY HAIR SPA & KERATIN GLOW 💎 ✨ #Shorts #Viral #Trending' [public]...
2026-08-31 08:37:37 | INFO     | AutopilotPipeline | youtube_uploader:130: ⏳ YouTube upload progress: 32%
2026-08-31 08:37:38 | INFO     | AutopilotPipeline | youtube_uploader:130: ⏳ YouTube upload progress: 64%
2026-08-31 08:37:38 | INFO     | AutopilotPipeline | youtube_uploader:130: ⏳ YouTube upload progress: 96%
2026-08-31 08:37:38 | INFO     | AutopilotPipeline | youtube_uploader:142: 🎉 YouTube Short published successfully! URL: https://youtube.com/shorts/eLJn83Y9ssA
2026-08-31 13:35:22 | INFO     | AutopilotPipeline | youtube_uploader:49: 🔄 Refreshing expired YouTube OAuth token...
2026-08-31 13:35:23 | INFO     | AutopilotPipeline | youtube_uploader:58: ✅ YouTube OAuth token refreshed successfully.
2026-08-31 13:35:23 | INFO     | AutopilotPipeline | youtube_uploader:69: ✅ YouTube Data API v3 client initialized.
2026-08-31 13:35:23 | INFO     | AutopilotPipeline | youtube_uploader:106: 📤 Uploading to YouTube Shorts: 'Rani Makeover • 🔥 CELEBRITY PARTY GLAMOUR LOOK 🔥 ✨ #Shorts #Viral #Trending' [public]...
2026-08-31 13:35:24 | INFO     | AutopilotPipeline | youtube_uploader:142: 🎉 YouTube Short published successfully! URL: https://youtube.com/shorts/b0YeIwqysgY
2026-09-01 03:41:59 | INFO     | AutopilotPipeline | youtube_uploader:49: 🔄 Refreshing expired YouTube OAuth token...
2026-09-01 03:42:00 | INFO     | AutopilotPipeline | youtube_uploader:58: ✅ YouTube OAuth token refreshed successfully.
2026-09-01 03:42:00 | INFO     | AutopilotPipeline | youtube_uploader:69: ✅ YouTube Data API v3 client initialized.
2026-09-01 03:42:00 | INFO     | AutopilotPipeline | youtube_uploader:106: 📤 Uploading to YouTube Shorts: 'Rani Makeover • 💆‍♀️ LUXURY HAIR SPA & HAIR CUT GLOW 💆‍♀️ ✨ #Shorts #Viral #Trending' [public]...
2026-09-01 03:42:02 | INFO     | AutopilotPipeline | youtube_uploader:142: 🎉 YouTube Short published successfully! URL: https://youtube.com/shorts/NUbFYSPA1WY
2026-09-02 08:42:35 | INFO     | AutopilotPipeline | youtube_uploader:49: 🔄 Refreshing expired YouTube OAuth token...
2026-09-02 08:42:35 | INFO     | AutopilotPipeline | youtube_uploader:58: ✅ YouTube OAuth token refreshed successfully.
2026-09-02 08:42:35 | INFO     | AutopilotPipeline | youtube_uploader:69: ✅ YouTube Data API v3 client initialized.
2026-09-02 08:42:35 | INFO     | AutopilotPipeline | youtube_uploader:106: 📤 Uploading to YouTube Shorts: 'Rani Makeover • 🔥 CELEBRITY PARTY GLAMOUR LOOK 🔥 ✨ #Shorts #Viral #Trending' [public]...
2026-09-02 08:42:36 | INFO     | AutopilotPipeline | youtube_uploader:130: ⏳ YouTube upload progress: 24%
2026-09-02 08:42:37 | INFO     | AutopilotPipeline | youtube_uploader:130: ⏳ YouTube upload progress: 49%
2026-09-02 08:42:37 | INFO     | AutopilotPipeline | youtube_uploader:130: ⏳ YouTube upload progress: 74%
2026-09-02 08:42:37 | INFO     | AutopilotPipeline | youtube_uploader:130: ⏳ YouTube upload progress: 99%
2026-09-02 08:42:38 | INFO     | AutopilotPipeline | youtube_uploader:142: 🎉 YouTube Short published successfully! URL: https://youtube.com/shorts/WDVBTdpJmCw
2026-09-02 13:41:02 | INFO     | AutopilotPipeline | youtube_uploader:49: 🔄 Refreshing expired YouTube OAuth token...
2026-09-02 13:41:02 | INFO     | AutopilotPipeline | youtube_uploader:58: ✅ YouTube OAuth token refreshed successfully.
2026-09-02 13:41:02 | INFO     | AutopilotPipeline | youtube_uploader:69: ✅ YouTube Data API v3 client initialized.
2026-09-02 13:41:02 | INFO     | AutopilotPipeline | youtube_uploader:106: 📤 Uploading to YouTube Shorts: 'Rani Makeover • ✨ PERFECT THREADING & FACIAL GLOW ✨ ✨ #Shorts #Viral #Trending' [public]...
2026-09-02 13:41:03 | INFO     | AutopilotPipeline | youtube_uploader:130: ⏳ YouTube upload progress: 20%
2026-09-02 13:41:03 | INFO     | AutopilotPipeline | youtube_uploader:130: ⏳ YouTube upload progress: 40%
2026-09-02 13:41:04 | INFO     | AutopilotPipeline | youtube_uploader:130: ⏳ YouTube upload progress: 61%
2026-09-02 13:41:04 | INFO     | AutopilotPipeline | youtube_uploader:130: ⏳ YouTube upload progress: 81%
2026-09-02 13:41:04 | INFO     | AutopilotPipeline | youtube_uploader:142: 🎉 YouTube Short published successfully! URL: https://youtube.com/shorts/PLrz0JcNtrc
2026-09-03 05:31:36 | INFO     | AutopilotPipeline | youtube_uploader:49: 🔄 Refreshing expired YouTube OAuth token...
2026-09-03 05:31:36 | ERROR    | AutopilotPipeline | youtube_uploader:60: ❌ Failed to refresh YouTube OAuth token: ('invalid_grant: Token has been expired or revoked.', {'error': 'invalid_grant', 'error_description': 'Token has been expired or revoked.'})
2026-09-03 05:31:36 | WARNING  | AutopilotPipeline | youtube_uploader:64: ⚠️ No valid YouTube credentials found. Run 'python scripts/generate_youtube_token.py' locally.
2026-09-03 05:31:36 | ERROR    | AutopilotPipeline | youtube_uploader:80: YouTube service is not authenticated. Skipping YouTube upload.
2026-09-03 08:43:33 | INFO     | AutopilotPipeline | youtube_uploader:49: 🔄 Refreshing expired YouTube OAuth token...
2026-09-03 08:43:33 | ERROR    | AutopilotPipeline | youtube_uploader:60: ❌ Failed to refresh YouTube OAuth token: ('invalid_grant: Token has been expired or revoked.', {'error': 'invalid_grant', 'error_description': 'Token has been expired or revoked.'})
2026-09-03 08:43:33 | WARNING  | AutopilotPipeline | youtube_uploader:64: ⚠️ No valid YouTube credentials found. Run 'python scripts/generate_youtube_token.py' locally.
2026-09-03 08:43:33 | ERROR    | AutopilotPipeline | youtube_uploader:80: YouTube service is not authenticated. Skipping YouTube upload.
2026-09-03 13:40:48 | INFO     | AutopilotPipeline | youtube_uploader:49: 🔄 Refreshing expired YouTube OAuth token...
2026-09-03 13:40:48 | ERROR    | AutopilotPipeline | youtube_uploader:60: ❌ Failed to refresh YouTube OAuth token: ('invalid_grant: Token has been expired or revoked.', {'error': 'invalid_grant', 'error_description': 'Token has been expired or revoked.'})
2026-09-03 13:40:48 | WARNING  | AutopilotPipeline | youtube_uploader:64: ⚠️ No valid YouTube credentials found. Run 'python scripts/generate_youtube_token.py' locally.
2026-09-03 13:40:48 | ERROR    | AutopilotPipeline | youtube_uploader:80: YouTube service is not authenticated. Skipping YouTube upload.
2026-09-04 03:40:35 | INFO     | AutopilotPipeline | youtube_uploader:49: 🔄 Refreshing expired YouTube OAuth token...
2026-09-04 03:40:35 | ERROR    | AutopilotPipeline | youtube_uploader:60: ❌ Failed to refresh YouTube OAuth token: ('invalid_grant: Token has been expired or revoked.', {'error': 'invalid_grant', 'error_description': 'Token has been expired or revoked.'})
2026-09-04 03:40:35 | WARNING  | AutopilotPipeline | youtube_uploader:64: ⚠️ No valid YouTube credentials found. Run 'python scripts/generate_youtube_token.py' locally.
2026-09-04 03:40:35 | ERROR    | AutopilotPipeline | youtube_uploader:80: YouTube service is not authenticated. Skipping YouTube upload.
2026-09-04 08:43:16 | INFO     | AutopilotPipeline | youtube_uploader:49: 🔄 Refreshing expired YouTube OAuth token...
2026-09-04 08:43:16 | INFO     | AutopilotPipeline | youtube_uploader:58: ✅ YouTube OAuth token refreshed successfully.
2026-09-04 08:43:16 | INFO     | AutopilotPipeline | youtube_uploader:69: ✅ YouTube Data API v3 client initialized.
2026-09-04 08:43:16 | INFO     | AutopilotPipeline | youtube_uploader:106: 📤 Uploading to YouTube Shorts: 'Rani Makeover • ✨ PERFECT THREADING & HAIRCUT ✨ ✨ #Shorts #Viral #Trending' [public]...
2026-09-04 08:43:18 | INFO     | AutopilotPipeline | youtube_uploader:130: ⏳ YouTube upload progress: 34%
2026-09-04 08:43:19 | INFO     | AutopilotPipeline | youtube_uploader:130: ⏳ YouTube upload progress: 69%
2026-09-04 08:43:21 | INFO     | AutopilotPipeline | youtube_uploader:142: 🎉 YouTube Short published successfully! URL: https://youtube.com/shorts/ybrYNforvjE
2026-09-04 13:40:13 | INFO     | AutopilotPipeline | youtube_uploader:49: 🔄 Refreshing expired YouTube OAuth token...
2026-09-04 13:40:13 | INFO     | AutopilotPipeline | youtube_uploader:58: ✅ YouTube OAuth token refreshed successfully.
2026-09-04 13:40:13 | INFO     | AutopilotPipeline | youtube_uploader:69: ✅ YouTube Data API v3 client initialized.
2026-09-04 13:40:13 | INFO     | AutopilotPipeline | youtube_uploader:106: 📤 Uploading to YouTube Shorts: 'Rani Makeover • 💆‍♀️ LUXURY HAIR SPA & DEEP NOURISH GLOW 💆‍♀️ ✨ #Shorts #Viral #Trending' [public]...
2026-09-04 13:40:15 | INFO     | AutopilotPipeline | youtube_uploader:130: ⏳ YouTube upload progress: 24%
2026-09-04 13:40:16 | INFO     | AutopilotPipeline | youtube_uploader:130: ⏳ YouTube upload progress: 49%
2026-09-04 13:40:17 | INFO     | AutopilotPipeline | youtube_uploader:130: ⏳ YouTube upload progress: 74%
2026-09-04 13:40:17 | INFO     | AutopilotPipeline | youtube_uploader:130: ⏳ YouTube upload progress: 99%
2026-09-04 13:40:18 | INFO     | AutopilotPipeline | youtube_uploader:142: 🎉 YouTube Short published successfully! URL: https://youtube.com/shorts/BV123R3oXnA
